aed8b7afeaba29217d15850f30c37e83
6978b0f8929b52cf9523ef207acabdd6
e52eed2f6e04b3f439eed3a6031d49ba
757f1103535e5da073301ee28f168a63
2d88dfa5d8f3b586e1103f310c758d31
6bb61cc4ea4ddbdb85df3e852a99741e
6051d5ca6b02d41c7f7eceeee184a067
5ecd73fe7ac477d688ab54ff7f39ed07
f4adcd0de5821444ce91383f81a240a1
83328bdb0257819f701e0c1aa3c2bf3a
3e784f01f6d72e4d36abf51882986632
87d37c8bd828b5d7001dc3f775c3828d
3e192bf61e2b0cf2a6f08a8c28da711e
19ef0a6b16f3461ce29b04cf5631a440
6c05fa91f706e165c31b5742bd1861ff
9204ce90333996b035df77a05706dc00
494c68574b89ddcf497c62c628773f47
34d580353d5b605c0d7c36cf3e267ac3
34557ca02dcb554051aba7b2e55ebb13
5dbda7157d736f838af3a44034b08338
1cd8a8aa67e85fad79a09c814a2c1074
185a1eafb4a516244021c2e4fc1b218e
529047e002f2a37adc55653fa9a4e129
2c9efe918ce6e333dcce2ed701aeb9c5
da5750fc2316e8a56ee423344c0bf154
c52c7d03aec9e63b1368f8a2b7229c9e
891f4e6bd3a5bb6f7d324e04805ff1e9
121d30d959e78af18e8c5c05679d2347
28e90744c0773224ffddf9710ebf57f0
23f90c3cd8196bd9e0280e37cee64914
0b82daa851e1ad8354ae12180f55d1a9
43b38563ee81cab182c0d71fd6483055
f467f8ede2c3447707c5d219b9d4c1f0
ac3a68ea308d39d2a14ba91640f728b5
cbff7d8ab69d31e26c5948881fc7328e
871ec93aac2f47541ea1147d6620dc10
4d6b9c636a5d5b3093e9faad113d7916
955ad6ab8415cf76904680344517a249
cabb5a68bc929ac081c256fde4a30022
cc83a0ea16dcedaf85f2433f954c5617
6ffd1261d7ac08525bb8afe49be8176c
1f592173d5f2be57f76f7dce6230b34e
caeab97d694c8ea402b0a124cdefd71f
646c8019cafd7e6d4bd86400cfe09baa
cc91871ab8d52ab0031636204550b13e
aa5783503e5330878f797b6cdfedc61b
21d03ceca5a0f4861a6610ad2b9e5ce7
bd7645e7066bcc29a96d37ae6fd29a90
f124b40b2ba4f13e5f2fe3937ee8abc5
72836f174856d58bc7853169b1a0fe15
9bc1bd8cfd069b9e38c9bc9bcc0e215c
ef5824f5e18ed122045744f79dcc1cfa
3d0aa8a65ef0edb3f93596e5b5e1f163
78f76a606262ac36ed12bfb353fe918e
4cafd4e2807427f2e7a6acf3f39c14bb
7011e0f60d3851e6a7619c2c35c82f2d
f17597c0c7fa31f0542ffac81173a5dd
69fcd8660884b9e084fd230d97ae9976
ab7c7d9a7cc2bc50f6c99a5660c2e19b
c3a3ac78e571e801946d1b9cd98c53f5
d94a3374f6fdefbdefd303fac10b916e
36b45fc1efb9fb7bca24d075ee8d851f
821d886f138c8ab630a344e9ecd1ae93
915a1466111430eab5dec9b32350bc46
a35a8e98539e1b2293a2d130aae5e40f
ad9212d81faf82b43c63c5f13e319167
681c3471ddbc00546f385dce36517edf
842fae547a86b3a8eed88de4bfee087e
d0cbe2112c73927b8b6e51dff0224117
20ef132ddd52835856a767c5b0efba6f
726931decb79f0fd481cd0ceaca935a3
29e353f9b9d3d9b5e60228cfc5ce148e
1ea77f5ef22b8124aafac30d8c5bcb3c
c81223a4393e8a7e23306490a401e281
f57e9d7847e05252b986c7921234f7ae
9ce2e6bcf4d108748956bc7e5a76ace1
b15b5b2dd400622b824d38b241289104
ec67c5e0351742899c9831b609608c8d
cab615c8da3cf85d44a3394b7541061d
01d49bc4c5a005ef66b25d1a24d63c4d
da91032e94fe03aa5a1a21697fd95c99
f48393c04c6d315b42c6c8ba367451be
1062c55f7a082daea739ad98c6c02b3a
101c2a4aae55fc53d4b14d47e067d943
523e63d85a30865a14684043c8ea0a06
2a1cf79032c0859eccae71c47b932397
e69495e864f58b169f84bc3ef464d247
de29acfdede43141276eff9364d6a316
2e56b4b314e5169ca284cacfb57d3930
8b649bd8cc0e2dc3ccd0c560dac620d7
76a387a3370d90d0f3c6c23e5c714000
d80c575c3203c9648b6736747c5ed062
7404fe747738183b1faf2eba423cefc4
2096de30ca085620ebac886eadd75c02
5e158ce5eeb2a39359438ade9494d9a4
57db640b977c7e9483b4ea3f62408284
725700f4ccb85ef1a7aa866dfceb7744
8ab72391a049d4adbd8468caf699726a
52cab4ab6447244f155214aa88ae65ef
737208b123196cd0da41032950de1af3
c4dc7ed4428c860e8e09a5f68b383ed3
ca17861ae2aef8b1d3dee4fa14714b34
8b26ccb15f5fb8e5c29012b32eb45a2c
cdebeb061839a04f9bbbb562aa8da283
44425b02570a08089a8d6ad9b8790455
b8daaede7709f72856cd994eb3f787fb
804d69cc199b6b0ba88518f24b3fed9a
b3fea3063b7e885ba1994dc857bc4234
e4d7df998e78faec1e9d7ba8b7732a41
7489c69963d1c5e4a8b9f8f214856011
367671cc0deb921ac81990da61a313f3
4f61352ac186b534d19990b9709edaa7
ab05f7f917d0ce309b06a785bb83177c
2d8e6cc74da625e06d1b2bf08bf73434
4a329cb1fc6f7e9d36412a08807e9446
0b7f1085d7930d2796fb36ab011852f3
e759988559af306eef31f1b08bf64b1a
e88bcdf78b0c0f5dc3df19561c71e8c4
5297dcf7ab7c6c758def8e911f6f1ebe
0bf4115ff40a874007b7f73459af6f59
7e7f2636e3581125389f7653aced0881
e774cdfbcea414e1b36feac0e68ed440
4c2a4288ead2422b600f6f67dafe802b
9f692faddc194336233f095bea220bd2
456c2c1f26f0ee6a0b98e7fc7980a861
a771a6e73c64ff70ea1855c2a2655c00
a14a01c6a23b9ba2082b1520965b9f04
40c7a1af7c7da55dda1531fbe3d5c23d
72d39e2d39ea14c16c2f0306a0709162
a6d880be42babde3a3e125ee38819188
83ba94fa7267f3252a6b26ea5c0c87d6
46f7bc6229e3de371748aede7c4ed1fb
b28cc4f5feee1a85e598b170f19c323a
1c96ac2a5ee5bc7d3913f74933a191ec
f7ee5a6db5c59d839903e193f75ff81d
c19ba60e8444eec1cc94a8d951d0bacf
c06c12c9283b57ec7e9c388e4196a1cf
75db2216a55fabb69a33cdb9da1b5425
a76112cf714c7d712e69d4e8940a5ac6
972ec589a2a720e85762b10276a11cd2
1d494ba8626dea5c53cf1d81613ad9b3
29870b5a10385b4cb6bdd5d5dc83e423
e4af017a24741e7113f3766b5d58dfba
1ceec3d046aeb2bdb7f83240eacfa54a
f729981a86815db9910aeba0162b81ea
719eca421acf24afa59d9e2e0115a6cc
1a29078b22f5bcd67a79f3ceaae1b318
520dca8721d7128953f6673f11de6916
c1578588b583c35db4f3055a5de2cc82
e307499c32e114e331ec50286847a57b
c0b81dc22c5bccac31faa3910bbed3a8
88b7af416e623730f02afb9ea2685020
10405493c3d65f3b15a1cc61b99e3200
627de977dfbb0b6dd38154da7509f940
e04f1f1df66053fcddcabb070d88ac45
2bf7ca305bca18c8fd29861bd7bfd6bf
eba44e4ec231ea5f0b99478c959ee095
a97e898fd3df24732151b835525c220f
5f0c1a3e68febacf8e3b4839381dcc32
4bfc54098aac411cb02b0db25b236bae
3f99b73eb4cc320cf8e016c903f55182
66fe9ddad208d1b4521ff76905863d4f
0bfae4a1deca08a512d754e6010c791b
81dfaa7b5f7adb5efb69638608bb8a87
e181a184fadc1b79eb9a1842647c41f3
89210cda4f2293ee2460dc7c55411a1e
480621d352a9b135365e22feb2d77538
a735054249524dc0f1d29252d52c027a
4365dc692838347317dab2b140c76dae
c4e149c94f484a8ebbb37fb9fe5cbe9f
acdb708cc6e88c4c62d7cb28d7ba3559
954bfc51029faf4da5fe89e1aa4d8c7c
d8e098e0691662ac6fdd7afa828f8483
2391da6287e52cf659dc93a474f76998
8494ae5ee2938f68a2b000cc67481389
e253e75d6ba4d904b4cb6158d8429386
d2c8adad715c898516aa12bd21dffd35
17f40080dd4764be5b20029ea82e27e5
76270b24413558e2c8b6f72ce3f3f1fd
a8ce1b6471687cd983ae9aecf7a368b8
aab86c3bb63e4c5a80b0ba0e41d85571
8982442825778e381f6e583f0a4d4875
016d55d733f5eec0d294c3309350c8f2
